MPLINK 5.09, LINKER
Linker Map File - Created Mon Nov 04 11:40:04 2019

                                 Section Info
                  Section       Type    Address   Location Size(Bytes)
                ---------  ---------  ---------  ---------  ---------
                   .cinit    romdata   0x000000    program   0x000002
                    .code       code   0x000002    program   0x00001a
.config_300000_BUILD/DEFAULT/DEBUG/CONFIG.O    romdata   0x300000    program   0x000001
.config_300001_BUILD/DEFAULT/DEBUG/CONFIG.O    romdata   0x300001    program   0x000001
.config_300002_BUILD/DEFAULT/DEBUG/CONFIG.O    romdata   0x300002    program   0x000001
.config_300003_BUILD/DEFAULT/DEBUG/CONFIG.O    romdata   0x300003    program   0x000001
.config_300004_BUILD/DEFAULT/DEBUG/CONFIG.O    romdata   0x300004    program   0x000001
.config_300005_BUILD/DEFAULT/DEBUG/CONFIG.O    romdata   0x300005    program   0x000001
.config_300006_BUILD/DEFAULT/DEBUG/CONFIG.O    romdata   0x300006    program   0x000001
.config_300008_BUILD/DEFAULT/DEBUG/CONFIG.O    romdata   0x300008    program   0x000001
.config_300009_BUILD/DEFAULT/DEBUG/CONFIG.O    romdata   0x300009    program   0x000001
.config_30000A_BUILD/DEFAULT/DEBUG/CONFIG.O    romdata   0x30000a    program   0x000001
.config_30000B_BUILD/DEFAULT/DEBUG/CONFIG.O    romdata   0x30000b    program   0x000001
.config_30000C_BUILD/DEFAULT/DEBUG/CONFIG.O    romdata   0x30000c    program   0x000001
.config_30000D_BUILD/DEFAULT/DEBUG/CONFIG.O    romdata   0x30000d    program   0x000001



                              Program Memory Usage 
                               Start         End      
                           ---------   ---------      
                            0x000000    0x00001b      
                            0x300000    0x300006      
                            0x300008    0x30000d      
            41 out of 132120 program addresses used, program memory utilization is 0%



                              Symbols - Sorted by Name
                     Name    Address   Location    Storage File                     
                ---------  ---------  ---------  --------- ---------                
                   SPI_in   0x000008    program     static H:\Desktop\Microprocessor\Project\main.asm
              _.code_0016   0x000018    program     static H:\Desktop\Microprocessor\Project\main.asm
                    setup   0x000002    program     static H:\Desktop\Microprocessor\Project\main.asm



                              Symbols - Sorted by Address
                     Name    Address   Location    Storage File                     
                ---------  ---------  ---------  --------- ---------                
                    setup   0x000002    program     static H:\Desktop\Microprocessor\Project\main.asm
                   SPI_in   0x000008    program     static H:\Desktop\Microprocessor\Project\main.asm
              _.code_0016   0x000018    program     static H:\Desktop\Microprocessor\Project\main.asm


