MPLINK 5.09, LINKER
Linker Map File - Created Thu Nov 07 16:00:03 2019

                                 Section Info
                  Section       Type    Address   Location Size(Bytes)
                ---------  ---------  ---------  ---------  ---------
                     main       code   0x000000    program   0x0000a8
                   .cinit    romdata   0x0000a8    program   0x000002
                    Setup       code   0x0000aa    program   0x00022e
.config_300000_BUILD/DEFAULT/PRODUCTION/CONFIG.    romdata   0x300000    program   0x000001
.config_300001_BUILD/DEFAULT/PRODUCTION/CONFIG.    romdata   0x300001    program   0x000001
.config_300002_BUILD/DEFAULT/PRODUCTION/CONFIG.    romdata   0x300002    program   0x000001
.config_300003_BUILD/DEFAULT/PRODUCTION/CONFIG.    romdata   0x300003    program   0x000001
.config_300004_BUILD/DEFAULT/PRODUCTION/CONFIG.    romdata   0x300004    program   0x000001
.config_300005_BUILD/DEFAULT/PRODUCTION/CONFIG.    romdata   0x300005    program   0x000001
.config_300006_BUILD/DEFAULT/PRODUCTION/CONFIG.    romdata   0x300006    program   0x000001
.config_300008_BUILD/DEFAULT/PRODUCTION/CONFIG.    romdata   0x300008    program   0x000001
.config_300009_BUILD/DEFAULT/PRODUCTION/CONFIG.    romdata   0x300009    program   0x000001
.config_30000A_BUILD/DEFAULT/PRODUCTION/CONFIG.    romdata   0x30000a    program   0x000001
.config_30000B_BUILD/DEFAULT/PRODUCTION/CONFIG.    romdata   0x30000b    program   0x000001
.config_30000C_BUILD/DEFAULT/PRODUCTION/CONFIG.    romdata   0x30000c    program   0x000001
.config_30000D_BUILD/DEFAULT/PRODUCTION/CONFIG.    romdata   0x30000d    program   0x000001
                     acs0      udata   0x000000       data   0x00000a



                              Program Memory Usage 
                               Start         End      
                           ---------   ---------      
                            0x000000    0x0002d7      
                            0x300000    0x300006      
                            0x300008    0x30000d      
            741 out of 132120 program addresses used, program memory utilization is 0%



                              Symbols - Sorted by Name
                     Name    Address   Location    Storage File                     
                ---------  ---------  ---------  --------- ---------                
                    Delay   0x00009e    program     static H:\Desktop\Microprocessor\Project\main.asm
                 Delay_ms   0x00007c    program     extern H:\Desktop\Microprocessor\Project\main.asm
               Delay_x4us   0x00008a    program     static H:\Desktop\Microprocessor\Project\main.asm
            LCD_DisplayOn   0x0000aa    program     extern H:\Desktop\Microprocessor\Project\Setup.asm
           LCD_FillScreen   0x0000e2    program     extern H:\Desktop\Microprocessor\Project\Setup.asm
                LCD_GPIOX   0x0000b8    program     extern H:\Desktop\Microprocessor\Project\Setup.asm
       LCD_Initialisation   0x0001d2    program     extern H:\Desktop\Microprocessor\Project\Setup.asm
              LCD_PLLinit   0x00018c    program     extern H:\Desktop\Microprocessor\Project\Setup.asm
           LCD_PWM1config   0x0000c6    program     extern H:\Desktop\Microprocessor\Project\Setup.asm
              LCD_PWM1out   0x0000d4    program     extern H:\Desktop\Microprocessor\Project\Setup.asm
           LCD_RectHelper   0x0000e8    program     static H:\Desktop\Microprocessor\Project\Setup.asm
                LCD_begin   0x000000    program     static H:\Desktop\Microprocessor\Project\main.asm
           SPI_MasterInit   0x00006a    program     static H:\Desktop\Microprocessor\Project\main.asm
       SPI_MasterTransmit   0x000072    program     static H:\Desktop\Microprocessor\Project\main.asm
             SPI_writeCMD   0x000046    program     extern H:\Desktop\Microprocessor\Project\main.asm
            SPI_writeDATA   0x000058    program     extern H:\Desktop\Microprocessor\Project\main.asm
             SPI_writeREG   0x00003c    program     extern H:\Desktop\Microprocessor\Project\main.asm
            Wait_Transmit   0x000074    program     static H:\Desktop\Microprocessor\Project\main.asm
               _main_0038   0x000038    program     static H:\Desktop\Microprocessor\Project\main.asm
                      lp1   0x0000a0    program     static H:\Desktop\Microprocessor\Project\main.asm
                      lp2   0x00007e    program     static H:\Desktop\Microprocessor\Project\main.asm
              Delay_cnt_h   0x000003       data     static H:\Desktop\Microprocessor\Project\main.asm
              Delay_cnt_h   0x000008       data     static H:\Desktop\Microprocessor\Project\Setup.asm
              Delay_cnt_l   0x000002       data     static H:\Desktop\Microprocessor\Project\main.asm
              Delay_cnt_l   0x000007       data     static H:\Desktop\Microprocessor\Project\Setup.asm
             Delay_cnt_ms   0x000004       data     static H:\Desktop\Microprocessor\Project\main.asm
             Delay_cnt_ms   0x000009       data     static H:\Desktop\Microprocessor\Project\Setup.asm
                input_cmd   0x000000       data     static H:\Desktop\Microprocessor\Project\main.asm
                input_cmd   0x000005       data     static H:\Desktop\Microprocessor\Project\Setup.asm
               input_data   0x000001       data     static H:\Desktop\Microprocessor\Project\main.asm
               input_data   0x000006       data     static H:\Desktop\Microprocessor\Project\Setup.asm



                              Symbols - Sorted by Address
                     Name    Address   Location    Storage File                     
                ---------  ---------  ---------  --------- ---------                
                LCD_begin   0x000000    program     static H:\Desktop\Microprocessor\Project\main.asm
               _main_0038   0x000038    program     static H:\Desktop\Microprocessor\Project\main.asm
             SPI_writeREG   0x00003c    program     extern H:\Desktop\Microprocessor\Project\main.asm
             SPI_writeCMD   0x000046    program     extern H:\Desktop\Microprocessor\Project\main.asm
            SPI_writeDATA   0x000058    program     extern H:\Desktop\Microprocessor\Project\main.asm
           SPI_MasterInit   0x00006a    program     static H:\Desktop\Microprocessor\Project\main.asm
       SPI_MasterTransmit   0x000072    program     static H:\Desktop\Microprocessor\Project\main.asm
            Wait_Transmit   0x000074    program     static H:\Desktop\Microprocessor\Project\main.asm
                 Delay_ms   0x00007c    program     extern H:\Desktop\Microprocessor\Project\main.asm
                      lp2   0x00007e    program     static H:\Desktop\Microprocessor\Project\main.asm
               Delay_x4us   0x00008a    program     static H:\Desktop\Microprocessor\Project\main.asm
                    Delay   0x00009e    program     static H:\Desktop\Microprocessor\Project\main.asm
                      lp1   0x0000a0    program     static H:\Desktop\Microprocessor\Project\main.asm
            LCD_DisplayOn   0x0000aa    program     extern H:\Desktop\Microprocessor\Project\Setup.asm
                LCD_GPIOX   0x0000b8    program     extern H:\Desktop\Microprocessor\Project\Setup.asm
           LCD_PWM1config   0x0000c6    program     extern H:\Desktop\Microprocessor\Project\Setup.asm
              LCD_PWM1out   0x0000d4    program     extern H:\Desktop\Microprocessor\Project\Setup.asm
           LCD_FillScreen   0x0000e2    program     extern H:\Desktop\Microprocessor\Project\Setup.asm
           LCD_RectHelper   0x0000e8    program     static H:\Desktop\Microprocessor\Project\Setup.asm
              LCD_PLLinit   0x00018c    program     extern H:\Desktop\Microprocessor\Project\Setup.asm
       LCD_Initialisation   0x0001d2    program     extern H:\Desktop\Microprocessor\Project\Setup.asm
                input_cmd   0x000000       data     static H:\Desktop\Microprocessor\Project\main.asm
               input_data   0x000001       data     static H:\Desktop\Microprocessor\Project\main.asm
              Delay_cnt_l   0x000002       data     static H:\Desktop\Microprocessor\Project\main.asm
              Delay_cnt_h   0x000003       data     static H:\Desktop\Microprocessor\Project\main.asm
             Delay_cnt_ms   0x000004       data     static H:\Desktop\Microprocessor\Project\main.asm
                input_cmd   0x000005       data     static H:\Desktop\Microprocessor\Project\Setup.asm
               input_data   0x000006       data     static H:\Desktop\Microprocessor\Project\Setup.asm
              Delay_cnt_l   0x000007       data     static H:\Desktop\Microprocessor\Project\Setup.asm
              Delay_cnt_h   0x000008       data     static H:\Desktop\Microprocessor\Project\Setup.asm
             Delay_cnt_ms   0x000009       data     static H:\Desktop\Microprocessor\Project\Setup.asm


